<?xml version="1.0" encoding="utf-8"?><testsuites><testsuite name="pytest" errors="0" failures="0" skipped="0" tests="0" time="0.024" timestamp="2026-02-07T20:24:13.321279" hostname="36:67:a1:7c:b6:cb" /></testsuites>